// Jest Snapshot v1, https://goo.gl/fbAQLP

exports[`Tags module test 1`] = `
<div
  className="article-preview"
>
  Loading...
</div>
`;
