// Jest Snapshot v1, https://goo.gl/fbAQLP

exports[`Tags module test 1`] = `
<div
  className="editor-page"
>
  <div
    className="container page"
  >
    <div
      className="row"
    >
      <div
        className="col-md-10 offset-md-1 col-xs-12"
      >
        <form>
          <fieldset>
            <fieldset
              className="form-group"
            >
              <input
                className="form-control form-control-lg"
                onChange={[Function]}
                placeholder="Article Title"
                type="text"
                value={undefined}
              />
            </fieldset>
            <fieldset
              className="form-group"
            >
              <input
                className="form-control"
                onChange={[Function]}
                placeholder="What's this article about?"
                type="text"
                value={undefined}
              />
            </fieldset>
            <fieldset
              className="form-group"
            >
              <textarea
                className="form-control"
                onChange={[Function]}
                placeholder="Write your article (in markdown)"
                rows="8"
                value={undefined}
              />
            </fieldset>
            <fieldset
              className="form-group"
            >
              <input
                className="form-control"
                onChange={[Function]}
                onKeyUp={[Function]}
                placeholder="Enter tags"
                type="text"
                value={undefined}
              />
              <div
                className="tag-list"
              />
            </fieldset>
            <button
              className="btn btn-lg pull-xs-right btn-primary"
              disabled={undefined}
              onClick={[Function]}
              type="button"
            >
              Publish Article
            </button>
          </fieldset>
        </form>
      </div>
    </div>
  </div>
</div>
`;
