// Jest Snapshot v1, https://goo.gl/fbAQLP

exports[`Tags module test 1`] = `
<div
  className="settings-page"
>
  <div
    className="container page"
  >
    <div
      className="row"
    >
      <div
        className="col-md-6 offset-md-3 col-xs-12"
      >
        <h1
          className="text-xs-center"
        >
          Your Settings
        </h1>
        <form
          onSubmit={[Function]}
        >
          <fieldset>
            <fieldset
              className="form-group"
            >
              <input
                className="form-control"
                onChange={[Function]}
                placeholder="URL of profile picture"
                type="text"
                value=""
              />
            </fieldset>
            <fieldset
              className="form-group"
            >
              <input
                className="form-control form-control-lg"
                onChange={[Function]}
                placeholder="Username"
                type="text"
                value=""
              />
            </fieldset>
            <fieldset
              className="form-group"
            >
              <textarea
                className="form-control form-control-lg"
                onChange={[Function]}
                placeholder="Short bio about you"
                rows="8"
                value=""
              />
            </fieldset>
            <fieldset
              className="form-group"
            >
              <input
                className="form-control form-control-lg"
                onChange={[Function]}
                placeholder="Email"
                type="email"
                value=""
              />
            </fieldset>
            <fieldset
              className="form-group"
            >
              <input
                className="form-control form-control-lg"
                onChange={[Function]}
                placeholder="New Password"
                type="password"
                value=""
              />
            </fieldset>
            <button
              className="btn btn-lg btn-primary pull-xs-right"
              disabled={undefined}
              type="submit"
            >
              Update Settings
            </button>
          </fieldset>
        </form>
        <hr />
        <button
          className="btn btn-outline-danger"
          onClick={undefined}
        >
          Delete Profile
        </button>
        <button
          className="btn btn-outline-danger marginL"
          onClick={undefined}
        >
          Click here to logout.
        </button>
      </div>
    </div>
  </div>
</div>
`;
