// Jest Snapshot v1, https://goo.gl/fbAQLP

exports[`Tags module test 1`] = `<span />`;
